Loaded data/raw/uc_diagnostic_tests.csv: 252 rows, 55 features
Prepared 1936 configs (full profile, target=both, lane=strict)

=== Strict lane: model-selection CV ===
  [  0.3%] 50/19360 (75s)
  [  0.5%] 100/19360 (183s)
  [  0.8%] 150/19360 (299s)
  [  1.0%] 200/19360 (388s)
  [  1.3%] 250/19360 (565s)
  [  1.5%] 300/19360 (698s)
  [  1.8%] 350/19360 (845s)
  [  2.1%] 400/19360 (947s)
  [  2.3%] 450/19360 (1016s)
  [  2.6%] 500/19360 (1087s)
  [  2.8%] 550/19360 (1174s)
  [  3.1%] 600/19360 (1231s)
  [  3.4%] 650/19360 (1313s)
  [  3.6%] 700/19360 (1389s)
  [  3.9%] 750/19360 (1487s)
  [  4.1%] 800/19360 (1541s)
  [  4.4%] 850/19360 (1580s)
  [  4.6%] 900/19360 (1627s)
  [  4.9%] 950/19360 (1674s)
  [  5.2%] 1000/19360 (1733s)
  [  5.4%] 1050/19360 (1827s)
  [  5.7%] 1100/19360 (1951s)
  [  5.9%] 1150/19360 (2042s)
  [  6.2%] 1200/19360 (2197s)
  [  6.5%] 1250/19360 (2340s)
  [  6.7%] 1300/19360 (2495s)
  [  7.0%] 1350/19360 (2624s)
  [  7.2%] 1400/19360 (2688s)
  [  7.5%] 1450/19360 (2763s)
  [  7.7%] 1500/19360 (2845s)
  [  8.0%] 1550/19360 (2916s)
  [  8.3%] 1600/19360 (2979s)
  [  8.5%] 1650/19360 (3065s)
  [  8.8%] 1700/19360 (3153s)
  [  9.0%] 1750/19360 (3225s)
  [  9.3%] 1800/19360 (3268s)
  [  9.6%] 1850/19360 (3312s)
  [  9.8%] 1900/19360 (3360s)
  [ 10.1%] 1950/19360 (3402s)
  [ 10.3%] 2000/19360 (3505s)
  [ 10.6%] 2050/19360 (3600s)
  [ 10.8%] 2100/19360 (3723s)
  [ 11.1%] 2150/19360 (3812s)
  [ 11.4%] 2200/19360 (3989s)
  [ 11.6%] 2250/19360 (4140s)
  [ 11.9%] 2300/19360 (4284s)
  [ 12.1%] 2350/19360 (4368s)
  [ 12.4%] 2400/19360 (4438s)
  [ 12.7%] 2450/19360 (4513s)
  [ 12.9%] 2500/19360 (4595s)
  [ 13.2%] 2550/19360 (4662s)
  [ 13.4%] 2600/19360 (4740s)
  [ 13.7%] 2650/19360 (4842s)
  [ 13.9%] 2700/19360 (4918s)
  [ 14.2%] 2750/19360 (4971s)
  [ 14.5%] 2800/19360 (5013s)
  [ 14.7%] 2850/19360 (5067s)
  [ 15.0%] 2900/19360 (5106s)
  [ 15.2%] 2950/19360 (5177s)
  [ 15.5%] 3000/19360 (5293s)
  [ 15.8%] 3050/19360 (5406s)
  [ 16.0%] 3100/19360 (5502s)
  [ 16.3%] 3150/19360 (5672s)
  [ 16.5%] 3200/19360 (5814s)
  [ 16.8%] 3250/19360 (5978s)
  [ 17.0%] 3300/19360 (6086s)
  [ 17.3%] 3350/19360 (6154s)
  [ 17.6%] 3400/19360 (6227s)
  [ 17.8%] 3450/19360 (6314s)
  [ 18.1%] 3500/19360 (6377s)
  [ 18.3%] 3550/19360 (6465s)
  [ 18.6%] 3600/19360 (6540s)
  [ 18.9%] 3650/19360 (6641s)
  [ 19.1%] 3700/19360 (6697s)
  [ 19.4%] 3750/19360 (6739s)
  [ 19.6%] 3800/19360 (6786s)
  [ 19.9%] 3850/19360 (6834s)
  [ 20.1%] 3900/19360 (6886s)
  [ 20.4%] 3950/19360 (6984s)
  [ 20.7%] 4000/19360 (7108s)
  [ 20.9%] 4050/19360 (7205s)
  [ 21.2%] 4100/19360 (7355s)
  [ 21.4%] 4150/19360 (7492s)
  [ 21.7%] 4200/19360 (7651s)
  [ 22.0%] 4250/19360 (7792s)
  [ 22.2%] 4300/19360 (7861s)
  [ 22.5%] 4350/19360 (7934s)
  [ 22.7%] 4400/19360 (8016s)
  [ 23.0%] 4450/19360 (8088s)
  [ 23.2%] 4500/19360 (8153s)
  [ 23.5%] 4550/19360 (8245s)
  [ 23.8%] 4600/19360 (8330s)
  [ 24.0%] 4650/19360 (8410s)
  [ 24.3%] 4700/19360 (8449s)
  [ 24.5%] 4750/19360 (8495s)
  [ 24.8%] 4800/19360 (8546s)
  [ 25.1%] 4850/19360 (8586s)
  [ 25.3%] 4900/19360 (8678s)
  [ 25.6%] 4950/19360 (8780s)
  [ 25.8%] 5000/19360 (8911s)
  [ 26.1%] 5050/19360 (8999s)
  [ 26.3%] 5100/19360 (9174s)
  [ 26.6%] 5150/19360 (9313s)
  [ 26.9%] 5200/19360 (9466s)
  [ 27.1%] 5250/19360 (9554s)
  [ 27.4%] 5300/19360 (9631s)
  [ 27.6%] 5350/19360 (9703s)
  [ 27.9%] 5400/19360 (9785s)
  [ 28.2%] 5450/19360 (9849s)
  [ 28.4%] 5500/19360 (9931s)
  [ 28.7%] 5550/19360 (10028s)
  [ 28.9%] 5600/19360 (10111s)
  [ 29.2%] 5650/19360 (10166s)
  [ 29.4%] 5700/19360 (10205s)
  [ 29.7%] 5750/19360 (10259s)
  [ 30.0%] 5800/19360 (10301s)
  [ 30.2%] 5850/19360 (10367s)
  [ 30.5%] 5900/19360 (10468s)
  [ 30.7%] 5950/19360 (10586s)
  [ 31.0%] 6000/19360 (10685s)
  [ 31.2%] 6050/19360 (10850s)
  [ 31.5%] 6100/19360 (10983s)
  [ 31.8%] 6150/19360 (11135s)
  [ 32.0%] 6200/19360 (11252s)
  [ 32.3%] 6250/19360 (11315s)
  [ 32.5%] 6300/19360 (11393s)
  [ 32.8%] 6350/19360 (11474s)
  [ 33.1%] 6400/19360 (11539s)
  [ 33.3%] 6450/19360 (11615s)
  [ 33.6%] 6500/19360 (11693s)
  [ 33.8%] 6550/19360 (11796s)
  [ 34.1%] 6600/19360 (11852s)
  [ 34.3%] 6650/19360 (11893s)
  [ 34.6%] 6700/19360 (11938s)
  [ 34.9%] 6750/19360 (11986s)
  [ 35.1%] 6800/19360 (12039s)
  [ 35.4%] 6850/19360 (12136s)
  [ 35.6%] 6900/19360 (12242s)
  [ 35.9%] 6950/19360 (12349s)
  [ 36.2%] 7000/19360 (12448s)
  [ 36.4%] 7050/19360 (12637s)
  [ 36.7%] 7100/19360 (12790s)
  [ 36.9%] 7150/19360 (12926s)
  [ 37.2%] 7200/19360 (13001s)
  [ 37.4%] 7250/19360 (13071s)
  [ 37.7%] 7300/19360 (13159s)
  [ 38.0%] 7350/19360 (13227s)
  [ 38.2%] 7400/19360 (13294s)
  [ 38.5%] 7450/19360 (13376s)
  [ 38.7%] 7500/19360 (13466s)
  [ 39.0%] 7550/19360 (13549s)
  [ 39.3%] 7600/19360 (13589s)
  [ 39.5%] 7650/19360 (13633s)
  [ 39.8%] 7700/19360 (13681s)
  [ 40.0%] 7750/19360 (13720s)
  [ 40.3%] 7800/19360 (13812s)
  [ 40.5%] 7850/19360 (13915s)
  [ 40.8%] 7900/19360 (14034s)
  [ 41.1%] 7950/19360 (14125s)
  [ 41.3%] 8000/19360 (14298s)
  [ 41.6%] 8050/19360 (14447s)
  [ 41.8%] 8100/19360 (14598s)
  [ 42.1%] 8150/19360 (14689s)
  [ 42.4%] 8200/19360 (14765s)
  [ 42.6%] 8250/19360 (14834s)
  [ 42.9%] 8300/19360 (14923s)
  [ 43.1%] 8350/19360 (14987s)
  [ 43.4%] 8400/19360 (15065s)
  [ 43.6%] 8450/19360 (15149s)
  [ 43.9%] 8500/19360 (15238s)
  [ 44.2%] 8550/19360 (15292s)
  [ 44.4%] 8600/19360 (15337s)
  [ 44.7%] 8650/19360 (15393s)
  [ 44.9%] 8700/19360 (15432s)
  [ 45.2%] 8750/19360 (15495s)
  [ 45.5%] 8800/19360 (15604s)
  [ 45.7%] 8850/19360 (15723s)
  [ 46.0%] 8900/19360 (15816s)
  [ 46.2%] 8950/19360 (15973s)
  [ 46.5%] 9000/19360 (16107s)
  [ 46.7%] 9050/19360 (16276s)
  [ 47.0%] 9100/19360 (16400s)
  [ 47.3%] 9150/19360 (16462s)
  [ 47.5%] 9200/19360 (16541s)
  [ 47.8%] 9250/19360 (16621s)
  [ 48.0%] 9300/19360 (16691s)
  [ 48.3%] 9350/19360 (16770s)
  [ 48.6%] 9400/19360 (16849s)
  [ 48.8%] 9450/19360 (16947s)
  [ 49.1%] 9500/19360 (17012s)
  [ 49.3%] 9550/19360 (17052s)
  [ 49.6%] 9600/19360 (17102s)
  [ 49.8%] 9650/19360 (17151s)
  [ 50.1%] 9700/19360 (17188s)
  [ 50.4%] 9750/19360 (17230s)
  [ 50.6%] 9800/19360 (17281s)
  [ 50.9%] 9850/19360 (17329s)
  [ 51.1%] 9900/19360 (17371s)
  [ 51.4%] 9950/19360 (17470s)
  [ 51.7%] 10000/19360 (17527s)
  [ 51.9%] 10050/19360 (17590s)
  [ 52.2%] 10100/19360 (17629s)
  [ 52.4%] 10150/19360 (17667s)
  [ 52.7%] 10200/19360 (17713s)
  [ 52.9%] 10250/19360 (17749s)
  [ 53.2%] 10300/19360 (17787s)
  [ 53.5%] 10350/19360 (17828s)
  [ 53.7%] 10400/19360 (17873s)
  [ 54.0%] 10450/19360 (17911s)
  [ 54.2%] 10500/19360 (17945s)
  [ 54.5%] 10550/19360 (17977s)
  [ 54.8%] 10600/19360 (18027s)
  [ 55.0%] 10650/19360 (18059s)
  [ 55.3%] 10700/19360 (18100s)
  [ 55.5%] 10750/19360 (18146s)
  [ 55.8%] 10800/19360 (18198s)
  [ 56.0%] 10850/19360 (18238s)
  [ 56.3%] 10900/19360 (18333s)
  [ 56.6%] 10950/19360 (18388s)
  [ 56.8%] 11000/19360 (18448s)
  [ 57.1%] 11050/19360 (18492s)
  [ 57.3%] 11100/19360 (18533s)
  [ 57.6%] 11150/19360 (18570s)
  [ 57.9%] 11200/19360 (18615s)
  [ 58.1%] 11250/19360 (18651s)
  [ 58.4%] 11300/19360 (18690s)
  [ 58.6%] 11350/19360 (18731s)
  [ 58.9%] 11400/19360 (18777s)
  [ 59.1%] 11450/19360 (18811s)
  [ 59.4%] 11500/19360 (18845s)
  [ 59.7%] 11550/19360 (18883s)
  [ 59.9%] 11600/19360 (18926s)
  [ 60.2%] 11650/19360 (18963s)
  [ 60.4%] 11700/19360 (19003s)
  [ 60.7%] 11750/19360 (19060s)
  [ 61.0%] 11800/19360 (19102s)
  [ 61.2%] 11850/19360 (19199s)
  [ 61.5%] 11900/19360 (19245s)
  [ 61.7%] 11950/19360 (19313s)
  [ 62.0%] 12000/19360 (19361s)
  [ 62.2%] 12050/19360 (19400s)
  [ 62.5%] 12100/19360 (19440s)
  [ 62.8%] 12150/19360 (19485s)
  [ 63.0%] 12200/19360 (19521s)
  [ 63.3%] 12250/19360 (19559s)
  [ 63.5%] 12300/19360 (19597s)
  [ 63.8%] 12350/19360 (19647s)
  [ 64.0%] 12400/19360 (19683s)
  [ 64.3%] 12450/19360 (19717s)
  [ 64.6%] 12500/19360 (19756s)
  [ 64.8%] 12550/19360 (19797s)
  [ 65.1%] 12600/19360 (19833s)
  [ 65.3%] 12650/19360 (19875s)
  [ 65.6%] 12700/19360 (19921s)
  [ 65.9%] 12750/19360 (19971s)
  [ 66.1%] 12800/19360 (20012s)
  [ 66.4%] 12850/19360 (20115s)
  [ 66.6%] 12900/19360 (20171s)
  [ 66.9%] 12950/19360 (20232s)
  [ 67.1%] 13000/19360 (20272s)
  [ 67.4%] 13050/19360 (20311s)
  [ 67.7%] 13100/19360 (20351s)
  [ 67.9%] 13150/19360 (20396s)
  [ 68.2%] 13200/19360 (20433s)
  [ 68.4%] 13250/19360 (20471s)
  [ 68.7%] 13300/19360 (20518s)
  [ 69.0%] 13350/19360 (20558s)
  [ 69.2%] 13400/19360 (20592s)
  [ 69.5%] 13450/19360 (20624s)
  [ 69.7%] 13500/19360 (20672s)
  [ 70.0%] 13550/19360 (20704s)
  [ 70.2%] 13600/19360 (20747s)
  [ 70.5%] 13650/19360 (20795s)
  [ 70.8%] 13700/19360 (20845s)
  [ 71.0%] 13750/19360 (20884s)
  [ 71.3%] 13800/19360 (20980s)
  [ 71.5%] 13850/19360 (21041s)
  [ 71.8%] 13900/19360 (21101s)
  [ 72.1%] 13950/19360 (21147s)
  [ 72.3%] 14000/19360 (21185s)
  [ 72.6%] 14050/19360 (21222s)
  [ 72.8%] 14100/19360 (21271s)
  [ 73.1%] 14150/19360 (21306s)
  [ 73.3%] 14200/19360 (21345s)
  [ 73.6%] 14250/19360 (21383s)
  [ 73.9%] 14300/19360 (21430s)
  [ 74.1%] 14350/19360 (21465s)
  [ 74.4%] 14400/19360 (21501s)
  [ 74.6%] 14450/19360 (21541s)
  [ 74.9%] 14500/19360 (21582s)
  [ 75.2%] 14550/19360 (21616s)
  [ 75.4%] 14600/19360 (21661s)
  [ 75.7%] 14650/19360 (21717s)
  [ 75.9%] 14700/19360 (21757s)
  [ 76.2%] 14750/19360 (21851s)
  [ 76.4%] 14800/19360 (21901s)
  [ 76.7%] 14850/19360 (21972s)
  [ 77.0%] 14900/19360 (22020s)
  [ 77.2%] 14950/19360 (22058s)
  [ 77.5%] 15000/19360 (22095s)
  [ 77.7%] 15050/19360 (22140s)
  [ 78.0%] 15100/19360 (22180s)
  [ 78.3%] 15150/19360 (22218s)
  [ 78.5%] 15200/19360 (22256s)
  [ 78.8%] 15250/19360 (22302s)
  [ 79.0%] 15300/19360 (22339s)
  [ 79.3%] 15350/19360 (22373s)
  [ 79.5%] 15400/19360 (22415s)
  [ 79.8%] 15450/19360 (22456s)
  [ 80.1%] 15500/19360 (22489s)
  [ 80.3%] 15550/19360 (22529s)
  [ 80.6%] 15600/19360 (22579s)
  [ 80.8%] 15650/19360 (22628s)
  [ 81.1%] 15700/19360 (22669s)
  [ 81.4%] 15750/19360 (22766s)
  [ 81.6%] 15800/19360 (22824s)
  [ 81.9%] 15850/19360 (22889s)
  [ 82.1%] 15900/19360 (22930s)
  [ 82.4%] 15950/19360 (22968s)
  [ 82.6%] 16000/19360 (23005s)
  [ 82.9%] 16050/19360 (23051s)
  [ 83.2%] 16100/19360 (23086s)
  [ 83.4%] 16150/19360 (23129s)
  [ 83.7%] 16200/19360 (23175s)
  [ 83.9%] 16250/19360 (23213s)
  [ 84.2%] 16300/19360 (23247s)
  [ 84.5%] 16350/19360 (23278s)
  [ 84.7%] 16400/19360 (23328s)
  [ 85.0%] 16450/19360 (23360s)
  [ 85.2%] 16500/19360 (23399s)
  [ 85.5%] 16550/19360 (23439s)
  [ 85.7%] 16600/19360 (23500s)
  [ 86.0%] 16650/19360 (23539s)
  [ 86.3%] 16700/19360 (23635s)
  [ 86.5%] 16750/19360 (23689s)
  [ 86.8%] 16800/19360 (23750s)
  [ 87.0%] 16850/19360 (23797s)
  [ 87.3%] 16900/19360 (23837s)
  [ 87.6%] 16950/19360 (23874s)
  [ 87.8%] 17000/19360 (23920s)
  [ 88.1%] 17050/19360 (23955s)
  [ 88.3%] 17100/19360 (23995s)
  [ 88.6%] 17150/19360 (24035s)
  [ 88.8%] 17200/19360 (24082s)
  [ 89.1%] 17250/19360 (24117s)
  [ 89.4%] 17300/19360 (24151s)
  [ 89.6%] 17350/19360 (24189s)
  [ 89.9%] 17400/19360 (24232s)
  [ 90.1%] 17450/19360 (24266s)
  [ 90.4%] 17500/19360 (24307s)
  [ 90.7%] 17550/19360 (24354s)
  [ 90.9%] 17600/19360 (24405s)
  [ 91.2%] 17650/19360 (24448s)
  [ 91.4%] 17700/19360 (24551s)
  [ 91.7%] 17750/19360 (24618s)
  [ 91.9%] 17800/19360 (24669s)
  [ 92.2%] 17850/19360 (24708s)
  [ 92.5%] 17900/19360 (24748s)
  [ 92.7%] 17950/19360 (24793s)
  [ 93.0%] 18000/19360 (24830s)
  [ 93.2%] 18050/19360 (24868s)
  [ 93.5%] 18100/19360 (24906s)
  [ 93.8%] 18150/19360 (24955s)
  [ 94.0%] 18200/19360 (24992s)
  [ 94.3%] 18250/19360 (25024s)
  [ 94.5%] 18300/19360 (25063s)
  [ 94.8%] 18350/19360 (25104s)
  [ 95.0%] 18400/19360 (25139s)
  [ 95.3%] 18450/19360 (25179s)
  [ 95.6%] 18500/19360 (25226s)
  [ 95.8%] 18550/19360 (25276s)
  [ 96.1%] 18600/19360 (25316s)
  [ 96.3%] 18650/19360 (25415s)
  [ 96.6%] 18700/19360 (25472s)
  [ 96.8%] 18750/19360 (25532s)
  [ 97.1%] 18800/19360 (25575s)
  [ 97.4%] 18850/19360 (25613s)
  [ 97.6%] 18900/19360 (25653s)
  [ 97.9%] 18950/19360 (25698s)
  [ 98.1%] 19000/19360 (25734s)
  [ 98.4%] 19050/19360 (25773s)
  [ 98.7%] 19100/19360 (25812s)
  [ 98.9%] 19150/19360 (25860s)
  [ 99.2%] 19200/19360 (25893s)
  [ 99.4%] 19250/19360 (25927s)
  [ 99.7%] 19300/19360 (25975s)
  [ 99.9%] 19350/19360 (26007s)
Shortlisted 40 configs for final 5x2 CV

=== Strict lane: final 5x2 CV ===
  [ 12.5%] 50/400 (59s)
  [ 25.0%] 100/400 (128s)
  [ 37.5%] 150/400 (187s)
  [ 50.0%] 200/400 (253s)
  [ 62.5%] 250/400 (328s)
  [ 75.0%] 300/400 (393s)
  [ 87.5%] 350/400 (468s)
  [100.0%] 400/400 (533s)

Top strict final configs:
  lane     stage  target_variant   feature_variant outlier_policy imputation   synthesis             model  n_rows  n_success  n_folds  balanced_accuracy_mean  balanced_accuracy_std  accuracy_mean  accuracy_std  f1_weighted_mean  f1_weighted_std  f1_macro_mean  f1_macro_std  precision_weighted_mean  precision_weighted_std  precision_macro_mean  precision_macro_std  recall_weighted_mean  recall_weighted_std  recall_macro_mean  recall_macro_std  roc_auc_mean  roc_auc_std  pr_auc_mean  pr_auc_std  sensitivity_mean  sensitivity_std  specificity_mean  specificity_std  ordinal_mae_mean  ordinal_mae_std  adjacent_error_rate_mean  adjacent_error_rate_std  distant_error_rate_mean  distant_error_rate_std  n_train_mean  n_train_std  n_features_mean  n_features_std  recall_class_0_mean  recall_class_0_std  recall_class_1_mean  recall_class_1_std  recall_class_2_mean  recall_class_2_std  recall_class_3_mean  recall_class_3_std
strict final_5x2 severity_binary               all           none       mean        none       balanced_rf      10         10       10                0.672018               0.032816       0.676190      0.026927          0.675726         0.027606       0.670137      0.030078                 0.679510                0.031697              0.672587             0.030704              0.676190             0.026927           0.672018          0.032816      0.710217     0.032851     0.759186    0.031043          0.700567         0.040555          0.643468         0.088871               NaN              NaN                       NaN                      NaN                      NaN                     NaN         126.0     0.000000             55.0        0.000000             0.643468            0.088871             0.700567            0.040555                  NaN                 NaN                  NaN                 NaN
strict final_5x2 severity_binary               all           none       gain random_over       rf_balanced      10         10       10                0.663232               0.028058       0.673810      0.027860          0.671737         0.027850       0.664120      0.028174                 0.672011                0.027601              0.667449             0.028026              0.673810             0.027860           0.663232          0.028058      0.714303     0.022313     0.757571    0.022149          0.741178         0.036442          0.585286         0.042503               NaN              NaN                       NaN                      NaN                      NaN                     NaN         143.0     1.054093             55.0        0.000000             0.585286            0.042503             0.741178            0.036442                  NaN                 NaN                  NaN                 NaN
strict final_5x2 severity_binary drop_gt70_missing           none       mean        none       balanced_rf      10         10       10                0.661573               0.032104       0.665079      0.028197          0.665111         0.028332       0.659703      0.030089                 0.668626                0.031577              0.661370             0.031216              0.665079             0.028197           0.661573          0.032104      0.708062     0.030316     0.759279    0.029104          0.685133         0.040536          0.638013         0.076976               NaN              NaN                       NaN                      NaN                      NaN                     NaN         126.0     0.000000             47.4        0.516398             0.638013            0.076976             0.685133            0.040536                  NaN                 NaN                  NaN                 NaN
strict final_5x2 severity_binary drop_gt70_missing           none       mean        none          stacking      10         10       10                0.661030               0.040444       0.663492      0.034736          0.663574         0.035367       0.658429      0.037766                 0.668224                0.039745              0.660441             0.038888              0.663492             0.034736           0.661030          0.040444      0.704425     0.037729     0.752731    0.036701          0.676741         0.036275          0.645320         0.093185               NaN              NaN                       NaN                      NaN                      NaN                     NaN         126.0     0.000000             47.4        0.516398             0.645320            0.093185             0.676741            0.036275                  NaN                 NaN                  NaN                 NaN
strict final_5x2 severity_binary               all           none       mean        none          stacking      10         10       10                0.660323               0.038334       0.662698      0.034544          0.662805         0.034764       0.657755      0.036345                 0.667588                0.037807              0.659905             0.037249              0.662698             0.034544           0.660323          0.038334      0.706386     0.037971     0.750888    0.035741          0.675293         0.047328          0.645354         0.085543               NaN              NaN                       NaN                      NaN                      NaN                     NaN         126.0     0.000000             55.0        0.000000             0.645354            0.085543             0.675293            0.047328                  NaN                 NaN                  NaN                 NaN
strict final_5x2 severity_binary               all           none       gain       smote       balanced_rf      10         10       10                0.660234               0.029482       0.669841      0.023124          0.667449         0.025956       0.659920      0.028691                 0.669096                0.025891              0.663810             0.024759              0.669841             0.023124           0.660234          0.029482      0.710238     0.025433     0.755111    0.026293          0.729930         0.034891          0.590539         0.083571               NaN              NaN                       NaN                      NaN                      NaN                     NaN         143.0     1.054093             55.0        0.000000             0.590539            0.083571             0.729930            0.034891                  NaN                 NaN                  NaN                 NaN
strict final_5x2 severity_binary drop_gt70_missing           none        pmm random_over       balanced_rf      10         10       10                0.659030               0.028936       0.666667      0.028246          0.665172         0.028288       0.658428      0.029110                 0.667623                0.028523              0.661923             0.029447              0.666667             0.028246           0.659030          0.028936      0.708684     0.030225     0.762529    0.033705          0.713009         0.059793          0.605051         0.071151               NaN              NaN                       NaN                      NaN                      NaN                     NaN         143.0     1.054093             47.4        0.516398             0.605051            0.071151             0.713009            0.059793                  NaN                 NaN                  NaN                 NaN
strict final_5x2 severity_binary drop_gt70_missing           none        pmm      adasyn       balanced_rf      10         10       10                0.652787               0.021888       0.656349      0.022773          0.656230         0.021840       0.650855      0.021320                 0.660451                0.023461              0.653294             0.023469              0.656349             0.022773           0.652787          0.021888      0.709765     0.028156     0.761888    0.028587          0.676585         0.059690          0.628990         0.063151               NaN              NaN                       NaN                      NaN                      NaN                     NaN         133.3     3.400980             47.4        0.516398             0.628990            0.063151             0.676585            0.059690                  NaN                 NaN                  NaN                 NaN
strict final_5x2 severity_binary drop_gt70_missing           none        pmm random_over       rf_balanced      10         10       10                0.648512               0.033235       0.656349      0.031977          0.655128         0.032175       0.648166      0.033408                 0.656630                0.033216              0.650651             0.034383              0.656349             0.031977           0.648512          0.033235      0.710618     0.030632     0.760738    0.026488          0.704734         0.051247          0.592290         0.066677               NaN              NaN                       NaN                      NaN                      NaN                     NaN         143.0     1.054093             47.4        0.516398             0.592290            0.066677             0.704734            0.051247                  NaN                 NaN                  NaN                 NaN
strict final_5x2 severity_binary drop_gt70_missing           none       mice      adasyn       extra_trees      10         10       10                0.647746               0.045991       0.653968      0.047941          0.653328         0.046953       0.647067      0.046742                 0.655741                0.046274              0.649532             0.047803              0.653968             0.047941           0.647746          0.045991      0.698992     0.040343     0.747368    0.037305          0.692058         0.075123          0.603434         0.061063               NaN              NaN                       NaN                      NaN                      NaN                     NaN         132.6     3.835507             47.4        0.516398             0.603434            0.061063             0.692058            0.075123                  NaN                 NaN                  NaN                 NaN
strict final_5x2 severity_binary               all           none       mean        none       rf_balanced      10         10       10                0.647361               0.038512       0.661111      0.034503          0.656855         0.036537       0.647701      0.039026                 0.658308                0.036331              0.654031             0.037039              0.661111             0.034503           0.647361          0.038512      0.710646     0.031913     0.752586    0.033106          0.746674         0.038233          0.548047         0.078177               NaN              NaN                       NaN                      NaN                      NaN                     NaN         126.0     0.000000             55.0        0.000000             0.548047            0.078177             0.746674            0.038233                  NaN                 NaN                  NaN                 NaN
strict final_5x2 severity_binary               all           none       mean        none catboost_balanced      10         10       10                0.646987               0.038332       0.653175      0.035305          0.652530         0.035827       0.646066      0.037375                 0.654432                0.037207              0.647757             0.037252              0.653175             0.035305           0.646987          0.038332      0.701865     0.042546     0.749817    0.039738          0.690708         0.044421          0.603266         0.077952               NaN              NaN                       NaN                      NaN                      NaN                     NaN         126.0     0.000000             55.0        0.000000             0.603266            0.077952             0.690708            0.044421                  NaN                 NaN                  NaN                 NaN
Done.
